// Jest Snapshot v1, https://goo.gl/fbAQLP

exports[`NavBar Component should be rendered properly 1`] = `
<header
  className="navbar-container"
>
  <nav
    className="navbar-container__content"
  >
    <a
      className="navbar-brand"
      href="/"
    >
      Holiday Pirates
    </a>
  </nav>
</header>
`;
